2026-05-10 21:14:17,629 - Pipeline.CineLosAndesPipeline - INFO - Etapa agregada: 'Limpiar columnas' 
2026-05-10 21:14:17,629 - Pipeline.CineLosAndesPipeline - INFO - Etapa agregada: 'Convertir tipos' 
2026-05-10 21:14:17,629 - Pipeline.CineLosAndesPipeline - INFO - Etapa agregada: 'Tratar nulos' 
2026-05-10 21:14:17,629 - Pipeline.CineLosAndesPipeline - INFO - Etapa agregada: 'Eliminar duplicados' 
2026-05-10 21:14:17,629 - Pipeline.CineLosAndesPipeline - INFO - Etapa agregada: 'Validar datos' 
2026-05-10 21:14:17,629 - Pipeline.CineLosAndesPipeline - INFO - Etapa agregada: 'Normalizar datos' 
2026-05-10 21:14:17,629 - Pipeline.CineLosAndesPipeline - INFO - ================================================================================
2026-05-10 21:14:17,629 - Pipeline.CineLosAndesPipeline - INFO - Iniciando Pipeline: 'CineLosAndesPipeline' 
2026-05-10 21:14:17,633 - Pipeline.CineLosAndesPipeline - INFO - Etapas totales: 6
2026-05-10 21:14:17,633 - Pipeline.CineLosAndesPipeline - INFO - Filas iniciales: 96
2026-05-10 21:14:17,633 - Pipeline.CineLosAndesPipeline - INFO - ================================================================================
2026-05-10 21:14:17,633 - Pipeline.CineLosAndesPipeline - INFO - 
================================================================================
2026-05-10 21:14:17,633 - Pipeline.CineLosAndesPipeline - INFO - Etapa 1/6: 'Limpiar columnas'
2026-05-10 21:14:17,634 - Pipeline.CineLosAndesPipeline - INFO - Descripción: Limpieza y estandarización de nombres de columnas
2026-05-10 21:14:17,634 - Pipeline.CineLosAndesPipeline - INFO - ================================================================================
2026-05-10 21:14:17,634 - Pipeline.CineLosAndesPipeline - INFO - Ejecutando 'Limpiar columnas' (intento 1/3)
2026-05-10 21:14:17,634 - Pipeline.CineLosAndesPipeline - INFO -  'Limpiar columnas' completada en 0.00s
2026-05-10 21:14:17,636 - Pipeline.CineLosAndesPipeline - INFO - Checkpoint guardado: ..\checkpoints\checkpoint_Limpiar columnas_20260510_211417.pkl
2026-05-10 21:14:17,645 - Pipeline.CineLosAndesPipeline - INFO - 
================================================================================
2026-05-10 21:14:17,645 - Pipeline.CineLosAndesPipeline - INFO - Etapa 2/6: 'Convertir tipos'
2026-05-10 21:14:17,647 - Pipeline.CineLosAndesPipeline - INFO - Descripción: Conversión de columnas numéricas
2026-05-10 21:14:17,647 - Pipeline.CineLosAndesPipeline - INFO - ================================================================================
2026-05-10 21:14:17,647 - Pipeline.CineLosAndesPipeline - INFO - Ejecutando 'Convertir tipos' (intento 1/3)
2026-05-10 21:14:17,649 - Pipeline.CineLosAndesPipeline - INFO -  'Convertir tipos' completada en 0.00s
2026-05-10 21:14:17,651 - Pipeline.CineLosAndesPipeline - INFO - Checkpoint guardado: ..\checkpoints\checkpoint_Convertir tipos_20260510_211417.pkl
2026-05-10 21:14:17,655 - Pipeline.CineLosAndesPipeline - INFO - 
================================================================================
2026-05-10 21:14:17,656 - Pipeline.CineLosAndesPipeline - INFO - Etapa 3/6: 'Tratar nulos'
2026-05-10 21:14:17,656 - Pipeline.CineLosAndesPipeline - INFO - Descripción: Imputación de valores faltantes
2026-05-10 21:14:17,656 - Pipeline.CineLosAndesPipeline - INFO - ================================================================================
2026-05-10 21:14:17,656 - Pipeline.CineLosAndesPipeline - INFO - Ejecutando 'Tratar nulos' (intento 1/3)
2026-05-10 21:14:17,664 - limpieza - INFO - Nulos iniciales:
espectadores_ciudad_m      16
recuperacion_ciudad_pct    16
dtype: int64
2026-05-10 21:14:17,664 - limpieza - INFO - Columna 'espectadores_nacional_m': nulos rellenados con media (47.38)
2026-05-10 21:14:17,665 - limpieza - INFO - Columna 'estrenos_total': nulos rellenados con media (285.62)
2026-05-10 21:14:17,666 - limpieza - INFO - Columna 'taquilla_m_cop': nulos rellenados con media (436.77)
2026-05-10 21:14:17,666 - limpieza - INFO - Columna 'precio_boleta_real': nulos rellenados con media (9297.12)
2026-05-10 21:14:17,667 - limpieza - INFO - Columna 'indice_asistencia': nulos rellenados con media (0.98)
2026-05-10 21:14:17,667 - limpieza - INFO - Columna 'pantallas': nulos rellenados con media (1030.19)
2026-05-10 21:14:17,668 - limpieza - INFO - Columna 'recuperacion_nacional_pct': nulos rellenados con media (64.79)
2026-05-10 21:14:17,669 - limpieza - INFO - Columna 'espectadores_ciudad_m': nulos rellenados con media (5.87)
2026-05-10 21:14:17,670 - limpieza - INFO - Columna 'recuperacion_ciudad_pct': nulos rellenados con media (66.90)
2026-05-10 21:14:17,670 - limpieza - INFO - Columna 'estrenos_col': nulos rellenados con media (40.50)
2026-05-10 21:14:17,671 - limpieza - INFO - Columna 'espectadores_col_m': nulos rellenados con media (2.14)
2026-05-10 21:14:17,671 - limpieza - INFO - Columna 'participacion_col_pct': nulos rellenados con media (4.61)
2026-05-10 21:14:17,672 - limpieza - INFO - Columna 'taquilla_col_m_cop': nulos rellenados con media (17685.94)
2026-05-10 21:14:17,674 - Pipeline.CineLosAndesPipeline - INFO -  'Tratar nulos' completada en 0.02s
2026-05-10 21:14:17,676 - Pipeline.CineLosAndesPipeline - INFO - Checkpoint guardado: ..\checkpoints\checkpoint_Tratar nulos_20260510_211417.pkl
2026-05-10 21:14:17,682 - Pipeline.CineLosAndesPipeline - INFO - 
================================================================================
2026-05-10 21:14:17,682 - Pipeline.CineLosAndesPipeline - INFO - Etapa 4/6: 'Eliminar duplicados'
2026-05-10 21:14:17,684 - Pipeline.CineLosAndesPipeline - INFO - Descripción: Eliminación de registros duplicados
2026-05-10 21:14:17,684 - Pipeline.CineLosAndesPipeline - INFO - ================================================================================
2026-05-10 21:14:17,685 - Pipeline.CineLosAndesPipeline - INFO - Ejecutando 'Eliminar duplicados' (intento 1/3)
2026-05-10 21:14:17,687 - limpieza - INFO - No se encontraron duplicados
2026-05-10 21:14:17,688 - Pipeline.CineLosAndesPipeline - INFO -  'Eliminar duplicados' completada en 0.00s
2026-05-10 21:14:17,689 - Pipeline.CineLosAndesPipeline - INFO - Checkpoint guardado: ..\checkpoints\checkpoint_Eliminar duplicados_20260510_211417.pkl
2026-05-10 21:14:17,697 - Pipeline.CineLosAndesPipeline - INFO - 
================================================================================
2026-05-10 21:14:17,697 - Pipeline.CineLosAndesPipeline - INFO - Etapa 5/6: 'Validar datos'
2026-05-10 21:14:17,697 - Pipeline.CineLosAndesPipeline - INFO - Descripción: Validaciones de calidad de datos
2026-05-10 21:14:17,697 - Pipeline.CineLosAndesPipeline - INFO - ================================================================================
2026-05-10 21:14:17,697 - Pipeline.CineLosAndesPipeline - INFO - Ejecutando 'Validar datos' (intento 1/3)
2026-05-10 21:14:17,699 - validacion - INFO - Ejecutando 0 reglas de validación...
2026-05-10 21:14:17,699 - Pipeline.CineLosAndesPipeline - INFO -  'Validar datos' completada en 0.00s
2026-05-10 21:14:17,701 - Pipeline.CineLosAndesPipeline - INFO - Checkpoint guardado: ..\checkpoints\checkpoint_Validar datos_20260510_211417.pkl
2026-05-10 21:14:17,707 - Pipeline.CineLosAndesPipeline - INFO - 
================================================================================
2026-05-10 21:14:17,707 - Pipeline.CineLosAndesPipeline - INFO - Etapa 6/6: 'Normalizar datos'
2026-05-10 21:14:17,709 - Pipeline.CineLosAndesPipeline - INFO - Descripción: Escalamiento y normalización de variables
2026-05-10 21:14:17,712 - Pipeline.CineLosAndesPipeline - INFO - ================================================================================
2026-05-10 21:14:17,712 - Pipeline.CineLosAndesPipeline - INFO - Ejecutando 'Normalizar datos' (intento 1/3)
2026-05-10 21:14:17,714 - normalizacion - INFO - Columna 'espectadores_nacional_m': normalizada MinMax a rango (0, 1)
2026-05-10 21:14:17,715 - normalizacion - INFO - Columna 'estrenos_total': normalizada MinMax a rango (0, 1)
2026-05-10 21:14:17,716 - normalizacion - INFO - Columna 'taquilla_m_cop': normalizada MinMax a rango (0, 1)
2026-05-10 21:14:17,717 - normalizacion - INFO - Columna 'precio_boleta_real': normalizada MinMax a rango (0, 1)
2026-05-10 21:14:17,718 - normalizacion - INFO - Columna 'indice_asistencia': normalizada MinMax a rango (0, 1)
2026-05-10 21:14:17,720 - normalizacion - INFO - Columna 'pantallas': normalizada MinMax a rango (0, 1)
2026-05-10 21:14:17,721 - normalizacion - INFO - Columna 'recuperacion_nacional_pct': normalizada MinMax a rango (0, 1)
2026-05-10 21:14:17,722 - normalizacion - INFO - Columna 'espectadores_ciudad_m': normalizada MinMax a rango (0, 1)
2026-05-10 21:14:17,723 - normalizacion - INFO - Columna 'recuperacion_ciudad_pct': normalizada MinMax a rango (0, 1)
2026-05-10 21:14:17,725 - normalizacion - INFO - Columna 'estrenos_col': normalizada MinMax a rango (0, 1)
2026-05-10 21:14:17,727 - normalizacion - INFO - Columna 'espectadores_col_m': normalizada MinMax a rango (0, 1)
2026-05-10 21:14:17,729 - normalizacion - INFO - Columna 'participacion_col_pct': normalizada MinMax a rango (0, 1)
2026-05-10 21:14:17,730 - normalizacion - INFO - Columna 'taquilla_col_m_cop': normalizada MinMax a rango (0, 1)
2026-05-10 21:14:17,731 - Pipeline.CineLosAndesPipeline - INFO -  'Normalizar datos' completada en 0.02s
2026-05-10 21:14:17,733 - Pipeline.CineLosAndesPipeline - INFO - Checkpoint guardado: ..\checkpoints\checkpoint_Normalizar datos_20260510_211417.pkl
2026-05-10 21:14:17,737 - Pipeline.CineLosAndesPipeline - INFO - 
================================================================================
2026-05-10 21:14:17,737 - Pipeline.CineLosAndesPipeline - INFO - Pipeline 'CineLosAndesPipeline' finalizado
2026-05-10 21:14:17,737 - Pipeline.CineLosAndesPipeline - INFO - Tiempo total: 0.11s
2026-05-10 21:14:17,737 - Pipeline.CineLosAndesPipeline - INFO - Etapas completadas: 6/6
2026-05-10 21:14:17,737 - Pipeline.CineLosAndesPipeline - INFO - Filas finales: 96
2026-05-10 21:14:17,737 - Pipeline.CineLosAndesPipeline - INFO - ================================================================================
2026-05-10 21:14:17,749 - Pipeline.CineLosAndesPipeline - INFO - Reporte guardado en: reporte_pipeline.json
